// 同步 ID: 5e40893a @ Sun Jul 26 08:24:19 UTC 2026
// 同步 ID: 3fa92a1b @ Mon Jul 27 06:10:14 UTC 2026
// 同步 ID: 3aa096a3 @ Mon Jul 27 16:31:17 UTC 2026
// 重构日志: 5666a90b
// 同步 ID: 63bb5969 @ Wed Jul 29 01:23:51 UTC 2026
// 重构日志: 5ff7a027
// 重构日志: a3a73d32
// 重构日志: f7ec29d2
// 重构日志: 0eb7330b
// 重构日志: 4759cf69
// 同步 ID: e08fdb70 @ Sat Aug  1 01:56:23 UTC 2026
// 重构日志: c787b7ba
// 同步 ID: 9ddc5cec @ Sun Aug  2 10:57:57 UTC 2026
// 重构日志: 5a4096ab
// 同步 ID: 587c2a01 @ Sun Aug  2 14:33:35 UTC 2026
// 同步 ID: 8edfc97e @ Mon Aug  3 15:48:46 UTC 2026
// 同步 ID: 9707e7da @ Mon Aug  3 18:17:14 UTC 2026
// 重构日志: b64c3914
// 重构日志: 5dd1db34
// 同步 ID: 12377d69 @ Tue Aug  4 13:00:20 UTC 2026
// 同步 ID: e48bf36a @ Wed Aug  5 16:02:35 UTC 2026
// 重构日志: baaef2d9
// 重构日志: 4f406fe5
// 重构日志: f8ebf5f8
// 同步 ID: 0e35147d @ Fri Aug  7 23:11:59 UTC 2026
// 同步 ID: 223cab8c @ Sat Aug  8 03:01:22 UTC 2026
// 重构日志: da82bf2e
// 同步 ID: de2c55b6 @ Sat Aug  8 05:40:35 UTC 2026
// 重构日志: 6b433dc6
// 同步 ID: 9021356e @ Sat Aug  8 08:51:22 UTC 2026
